Renesas Optimizing Linker (W3.05.00 )             30-Jan-2024 16:04:08

*** Options ***

-subcommand=DefaultBuild\nisoku_robot_2nd.clnk
-library=DefaultBuild\nisoku_robot_2nd.lib
-input=DefaultBuild\dbsct.obj
-input=DefaultBuild\intprg.obj
-input=DefaultBuild\nisoku_robot.obj
-input=DefaultBuild\resetprg.obj
-input=DefaultBuild\sbrk.obj
-input=DefaultBuild\vecttbl.obj
-input=DefaultBuild\define.obj
-input=DefaultBuild\ontip.obj
-input=DefaultBuild\cmt.obj
-input=DefaultBuild\SPI.obj
-input=DefaultBuild\SCI.obj
-input=DefaultBuild\vsc3.obj
-input=DefaultBuild\SCI6.obj
-input=DefaultBuild\SCI9.obj
-input=DefaultBuild\SCI12.obj
-input=DefaultBuild\ics_servo.obj
-input=DefaultBuild\move.obj
-input=DefaultBuild\SCI5.obj
-input=DefaultBuild\nomal_attac.obj
-input=DefaultBuild\hissatu.obj
-noprelink
-output=DefaultBuild\nisoku_robot_2nd.abs
-list=DefaultBuild\nisoku_robot_2nd.map
-nooptimize
-start=B_1,R_1,B_2,R_2,B,R,SU,SI/04,PResetPRG/0FFFC0000,C_1,C_2,C,C$DSEC,C$BSEC,C$INIT,C$VTBL,C$VECT,D_1,D_2,D,P,PIntPRG,W_1,W_2,W,L/0FFFC0100,FIXEDVECT/0FFFFFFD0
-rom=D=R,D_1=R_1,D_2=R_2
-nologo
-end

*** Error information ***

*** Mapping List ***

SECTION                            START      END         SIZE   ALIGN
B_1
                                  00000004  00000444       441   1
R_1
                                  00000445  000004a0        5c   1
B_2
                                  000004a1  000004a1         0   1
R_2
                                  000004a1  000004a1         0   1
B
                                  000004a4  000009fb       558   4
R
                                  000009fc  00000ccf       2d4   4
SU
                                  00000cd0  00000dcf       100   4
SI
                                  00000dd0  000010cf       300   4
PResetPRG
                                  fffc0000  fffc0028        29   1
C_1
                                  fffc0100  fffc01d1        d2   1
C_2
                                  fffc01d2  fffc03d3       202   2
C
                                  fffc03d4  fffc0447        74   4
C$DSEC
                                  fffc0448  fffc046b        24   4
C$BSEC
                                  fffc046c  fffc0483        18   4
C$INIT
                                  fffc0484  fffc0484         0   1
C$VTBL
                                  fffc0484  fffc0484         0   1
C$VECT
                                  fffc0484  fffc0883       400   4
D_1
                                  fffc0884  fffc08df        5c   1
D_2
                                  fffc08e0  fffc08e0         0   1
D
                                  fffc08e0  fffc0bb3       2d4   4
P
                                  fffc0bb4  fffc85b0      79fd   1
PIntPRG
                                  fffc85b1  fffc87b5       205   1
W_1
                                  fffc87b6  fffc87b6         0   1
W_2
                                  fffc87b6  fffc87b6         0   1
W
                                  fffc87b6  fffc87b6         0   1
L
                                  fffc87b8  fffc8800        49   4
$ADDR_C_FFFFFF80
                                  ffffff80  ffffff83         4   1
$ADDR_C_FFFFFFA0
                                  ffffffa0  ffffffaf        10   1
FIXEDVECT
                                  ffffffd0  ffffffff        30   4
